22:52:09 **** Incremental Build of configuration Debug for project stm32l475 ****
make -j6 all 
arm-none-eabi-size   stm32l475.elf 
   text	   data	    bss	    dec	    hex	filename
   6116	     20	   1572	   7708	   1e1c	stm32l475.elf
Finished building: default.size.stdout
 
22:52:20 **** Incremental Build of configuration Debug for project stm32l475 ****
make -j6 all 
arm-none-eabi-size   stm32l475.elf 
   text	   data	    bss	    dec	    hex	filename
   6116	     20	   1572	   7708	   1e1c	stm32l475.elf
Finished building: default.size.stdout
 
22:52:48 **** Incremental Build of configuration Debug for project stm32l475 ****
make -j6 all 
arm-none-eabi-size   stm32l475.elf 
   text	   data	    bss	    dec	    hex	filename
   6116	     20	   1572	   7708	   1e1c	stm32l475.elf
Finished building: default.size.stdout
 
22:54:33 **** Incremental Build of configuration Debug for project stm32l475 ****
make -j6 all 
arm-none-eabi-size   stm32l475.elf 
   text	   data	    bss	    dec	    hex	filename
   6116	     20	   1572	   7708	   1e1c	stm32l475.elf
Finished building: default.size.stdout
 
22:56:52 **** Incremental Build of configuration Debug for project stm32l475 ****
make -j6 all 
arm-none-eabi-size   stm32l475.elf 
   text	   data	    bss	    dec	    hex	filename
   6116	     20	   1572	   7708	   1e1c	stm32l475.elf
Finished building: default.size.stdout
 
22:58:08 **** Incremental Build of configuration Debug for project stm32l475 ****
make -j6 all 
arm-none-eabi-size   stm32l475.elf 
   text	   data	    bss	    dec	    hex	filename
   6116	     20	   1572	   7708	   1e1c	stm32l475.elf
Finished building: default.size.stdout
 
23:00:46 **** Incremental Build of configuration Debug for project stm32l475 ****
make -j6 all 
arm-none-eabi-size   stm32l475.elf 
   text	   data	    bss	    dec	    hex	filename
   6116	     20	   1572	   7708	   1e1c	stm32l475.elf
Finished building: default.size.stdout
 
